
> cash-flow-wave@1.0.0 test
> jest

node.exe : PASS tests/patterns/budgetStrategies.spec.ts
At line:1 char:1
+ & "C:\Program Files\nodejs/node.exe" "C:\Program Files\nodejs/node_mo ...
+ ~~~~~~~~~~~~~~~~~~~~~~~~~~~~~~~~~~~~~~~~~~~~~~~~~~~~~~~~~~~~~~~~~~~~~
    + CategoryInfo          : NotSpecified: (PASS tests/patt...ategies.spec.ts:String) [], RemoteException
    + FullyQualifiedErrorId : NativeCommandError
 
PASS tests/utils/currencyFormatter.spec.ts
FAIL tests/components/Dummy.spec.tsx
  ΓùÅ Console

    console.error
      You seem to have overlapping act() calls, this is not supported. Be sure to await previous act() calls before 
making a new one.

      at popActScope (node_modules/react/cjs/react.development.js:532:17)
      at node_modules/react/cjs/react.development.js:819:17

    console.error
      You seem to have overlapping act() calls, this is not supported. Be sure to await previous act() calls before 
making a new one.

      at popActScope (node_modules/react/cjs/react.development.js:532:17)
      at node_modules/react/cjs/react.development.js:843:17

  ΓùÅ Dummy ΓÇ║ should render

    `render` function has not been called

    [0m [90m 22 |[39m     
render([33m<[39m[33mText[39m[33m>[39m[33mHello[39m[33m<[39m[33m/[39m[33mText[39m[33m>[39m)
     [90m 23 |[39m     [36mawait[39m act([36masync[39m () [33m=>[39m {
    [31m[1m>[22m[39m[90m 24 |[39m       
expect(screen[33m.[39mgetByText([32m'Hello'[39m))[33m.[39mtoBeTruthy()
     [90m    |[39m                     [31m[1m^[22m[39m
     [90m 25 |[39m     })
     [90m 26 |[39m   })
     [90m 27 |[39m })[0m

      at Object.notImplemented (node_modules/@testing-library/react-native/src/screen.ts:8:9)
      at getByText (tests/components/Dummy.spec.tsx:24:21)
      at asyncGeneratorStep (node_modules/@babel/runtime/helpers/asyncToGenerator.js:3:17)
      at _next (node_modules/@babel/runtime/helpers/asyncToGenerator.js:17:9)
      at node_modules/@babel/runtime/helpers/asyncToGenerator.js:22:7
      at node_modules/@babel/runtime/helpers/asyncToGenerator.js:14:12
      at callback (node_modules/@testing-library/react-native/src/act.ts:72:33)
      at callback (node_modules/@testing-library/react-native/src/act.ts:30:24)
      at Object.<anonymous>.process.env.NODE_ENV.exports.act (node_modules/react/cjs/react.development.js:789:22)
      at actImplementation (node_modules/@testing-library/react-native/src/act.ts:29:25)
      at _act (node_modules/@testing-library/react-native/src/act.ts:72:10)
      at Object.<anonymous> (tests/components/Dummy.spec.tsx:23:14)
      at asyncGeneratorStep (node_modules/@babel/runtime/helpers/asyncToGenerator.js:3:17)
      at _next (node_modules/@babel/runtime/helpers/asyncToGenerator.js:17:9)
      at node_modules/@babel/runtime/helpers/asyncToGenerator.js:22:7
      at Object.<anonymous> (node_modules/@babel/runtime/helpers/asyncToGenerator.js:14:12)

PASS tests/components/Transactions.spec.tsx
  ΓùÅ Console

    console.error
      The current testing environment is not configured to support act(...)

      at isConcurrentActEnvironment (node_modules/react-reconciler/cjs/react-reconciler.development.js:13990:17)
      at warnIfUpdatesNotWrappedWithActDEV (node_modules/react-reconciler/cjs/react-reconciler.development.js:16304:7)
      at scheduleUpdateOnFiber (node_modules/react-reconciler/cjs/react-reconciler.development.js:14070:11)
      at Object.enqueueSetState (node_modules/react-reconciler/cjs/react-reconciler.development.js:18909:13)
      at KeyboardAvoidingView.Object.<anonymous>.process.env.NODE_ENV.Component.setState 
(node_modules/react/cjs/react.development.js:632:20)
      at KeyboardAvoidingView.setState [as _setBottom] 
(node_modules/react-native/Libraries/Components/Keyboard/KeyboardAvoidingView.js:150:12)
      at KeyboardAvoidingView._setBottom [as componentDidMount] 
(node_modules/react-native/Libraries/Components/Keyboard/KeyboardAvoidingView.js:195:12)
      at Object.react_stack_bottom_frame (node_modules/react-reconciler/cjs/react-reconciler.development.js:17619:22)
      at runWithFiberInDEV (node_modules/react-reconciler/cjs/react-reconciler.development.js:2508:13)
      at commitLayoutEffectOnFiber (node_modules/react-reconciler/cjs/react-reconciler.development.js:11511:21)
      at recursivelyTraverseLayoutEffects (node_modules/react-reconciler/cjs/react-reconciler.development.js:12653:11)
      at commitLayoutEffectOnFiber (node_modules/react-reconciler/cjs/react-reconciler.development.js:11605:11)
      at recursivelyTraverseLayoutEffects (node_modules/react-reconciler/cjs/react-reconciler.development.js:12653:11)
      at commitLayoutEffectOnFiber (node_modules/react-reconciler/cjs/react-reconciler.development.js:11493:11)
      at recursivelyTraverseLayoutEffects (node_modules/react-reconciler/cjs/react-reconciler.development.js:12653:11)
      at commitLayoutEffectOnFiber (node_modules/react-reconciler/cjs/react-reconciler.development.js:11488:11)
      at recursivelyTraverseLayoutEffects (node_modules/react-reconciler/cjs/react-reconciler.development.js:12653:11)
      at commitLayoutEffectOnFiber (node_modules/react-reconciler/cjs/react-reconciler.development.js:11605:11)
      at recursivelyTraverseLayoutEffects (node_modules/react-reconciler/cjs/react-reconciler.development.js:12653:11)
      at commitLayoutEffectOnFiber (node_modules/react-reconciler/cjs/react-reconciler.development.js:11493:11)
      at recursivelyTraverseLayoutEffects (node_modules/react-reconciler/cjs/react-reconciler.development.js:12653:11)
      at commitLayoutEffectOnFiber (node_modules/react-reconciler/cjs/react-reconciler.development.js:11488:11)
      at recursivelyTraverseLayoutEffects (node_modules/react-reconciler/cjs/react-reconciler.development.js:12653:11)
      at commitLayoutEffectOnFiber (node_modules/react-reconciler/cjs/react-reconciler.development.js:11488:11)
      at recursivelyTraverseLayoutEffects (node_modules/react-reconciler/cjs/react-reconciler.development.js:12653:11)
      at commitLayoutEffectOnFiber (node_modules/react-reconciler/cjs/react-reconciler.development.js:11570:11)
      at flushLayoutEffects (node_modules/react-reconciler/cjs/react-reconciler.development.js:15671:15)
      at commitRoot (node_modules/react-reconciler/cjs/react-reconciler.development.js:15586:9)
      at performWorkOnRoot (node_modules/react-reconciler/cjs/react-reconciler.development.js:14329:15)
      at performWorkOnRootViaSchedulerTask (node_modules/react-reconciler/cjs/react-reconciler.development.js:3335:7)
      at flushActQueue (node_modules/react/cjs/react.development.js:566:34)
      at node_modules/react/cjs/react.development.js:822:21

    console.error
      The current testing environment is not configured to support act(...)

    [0m [90m 43 |[39m     [36mtry[39m {
     [90m 44 |[39m       [36mconst[39m accs [33m=[39m [36mawait[39m database[33m.[39m[36mget[39m[33m<[39m
[33mAccount[39m[33m>[39m([32m'accounts'[39m)[33m.[39mquery()[33m.[39mfetch()
    [31m[1m>[22m[39m[90m 45 |[39m       setAccounts(accs[33m.[39mfilter(a [33m=>[39m a[33m.[39misActive))
     [90m    |[39m       [31m[1m^[22m[39m
     [90m 46 |[39m       
     [90m 47 |[39m       [36mif[39m (accs[33m.[39mlength [33m>[39m [35m0[39m [33m&&[39m 
[33m![39mselectedAccountId) {
     [90m 48 |[39m         setSelectedAccountId(accs[[35m0[39m][33m.[39mid)[0m

      at isConcurrentActEnvironment (node_modules/react-reconciler/cjs/react-reconciler.development.js:13990:17)
      at warnIfUpdatesNotWrappedWithActDEV (node_modules/react-reconciler/cjs/react-reconciler.development.js:16304:7)
      at scheduleUpdateOnFiber (node_modules/react-reconciler/cjs/react-reconciler.development.js:14070:11)
      at dispatchSetStateInternal (node_modules/react-reconciler/cjs/react-reconciler.development.js:6784:13)
      at dispatchSetState (node_modules/react-reconciler/cjs/react-reconciler.development.js:6741:7)
      at setAccounts (src/components/AddTransactionModal.tsx:45:7)
      at asyncGeneratorStep (node_modules/@babel/runtime/helpers/asyncToGenerator.js:3:17)
      at _next (node_modules/@babel/runtime/helpers/asyncToGenerator.js:17:9)

    console.error
      The current testing environment is not configured to support act(...)

    [0m [90m 46 |[39m       
     [90m 47 |[39m       [36mif[39m (accs[33m.[39mlength [33m>[39m [35m0[39m [33m&&[39m 
[33m![39mselectedAccountId) {
    [31m[1m>[22m[39m[90m 48 |[39m         setSelectedAccountId(accs[[35m0[39m][33m.[39mid)
     [90m    |[39m         [31m[1m^[22m[39m
     [90m 49 |[39m       }
     [90m 50 |[39m
     [90m 51 |[39m       [36mif[39m (type [33m!==[39m [33mTransactionType[39m[33m.[39m[33mTRANSFER[39m) 
{[0m

      at isConcurrentActEnvironment (node_modules/react-reconciler/cjs/react-reconciler.development.js:13990:17)
      at warnIfUpdatesNotWrappedWithActDEV (node_modules/react-reconciler/cjs/react-reconciler.development.js:16304:7)
      at scheduleUpdateOnFiber (node_modules/react-reconciler/cjs/react-reconciler.development.js:14070:11)
      at dispatchSetStateInternal (node_modules/react-reconciler/cjs/react-reconciler.development.js:6784:13)
      at dispatchSetState (node_modules/react-reconciler/cjs/react-reconciler.development.js:6741:7)
      at setSelectedAccountId (src/components/AddTransactionModal.tsx:48:9)
      at asyncGeneratorStep (node_modules/@babel/runtime/helpers/asyncToGenerator.js:3:17)
      at _next (node_modules/@babel/runtime/helpers/asyncToGenerator.js:17:9)

    console.error
      The current testing environment is not configured to support act(...)

    [0m [90m 53 |[39m         [36mconst[39m targetType [33m=[39m type [33m===[39m 
[33mTransactionType[39m[33m.[39m[33mEXPENSE[39m [33m?[39m [33mCategoryType[39m[33m.[39m[33mEXPENSE[39m 
[33m:[39m [33mCategoryType[39m[33m.[39m[33mINCOME[39m
     [90m 54 |[39m         [36mconst[39m filteredCats [33m=[39m cats[33m.[39mfilter(c [33m=>[39m 
c[33m.[39mtype [33m===[39m targetType [33m&&[39m c[33m.[39misActive)
    [31m[1m>[22m[39m[90m 55 |[39m         setCategories(filteredCats)
     [90m    |[39m         [31m[1m^[22m[39m
     [90m 56 |[39m         
     [90m 57 |[39m         [36mif[39m (filteredCats[33m.[39mlength [33m>[39m [35m0[39m) {
     [90m 58 |[39m           setSelectedCategoryId(filteredCats[[35m0[39m][33m.[39mid)[0m

      at isConcurrentActEnvironment (node_modules/react-reconciler/cjs/react-reconciler.development.js:13990:17)
      at warnIfUpdatesNotWrappedWithActDEV (node_modules/react-reconciler/cjs/react-reconciler.development.js:16304:7)
      at scheduleUpdateOnFiber (node_modules/react-reconciler/cjs/react-reconciler.development.js:14070:11)
      at dispatchSetStateInternal (node_modules/react-reconciler/cjs/react-reconciler.development.js:6784:13)
      at dispatchSetState (node_modules/react-reconciler/cjs/react-reconciler.development.js:6741:7)
      at setCategories (src/components/AddTransactionModal.tsx:55:9)
      at asyncGeneratorStep (node_modules/@babel/runtime/helpers/asyncToGenerator.js:3:17)
      at _next (node_modules/@babel/runtime/helpers/asyncToGenerator.js:17:9)

    console.error
      The current testing environment is not configured to support act(...)

    [0m [90m 56 |[39m         
     [90m 57 |[39m         [36mif[39m (filteredCats[33m.[39mlength [33m>[39m [35m0[39m) {
    [31m[1m>[22m[39m[90m 58 |[39m           setSelectedCategoryId(filteredCats[[35m0[39m][33m.[39mid)
     [90m    |[39m           [31m[1m^[22m[39m
     [90m 59 |[39m         } [36melse[39m {
     [90m 60 |[39m           setSelectedCategoryId([32m''[39m)
     [90m 61 |[39m         }[0m

      at isConcurrentActEnvironment (node_modules/react-reconciler/cjs/react-reconciler.development.js:13990:17)
      at warnIfUpdatesNotWrappedWithActDEV (node_modules/react-reconciler/cjs/react-reconciler.development.js:16304:7)
      at scheduleUpdateOnFiber (node_modules/react-reconciler/cjs/react-reconciler.development.js:14070:11)
      at dispatchSetStateInternal (node_modules/react-reconciler/cjs/react-reconciler.development.js:6784:13)
      at dispatchSetState (node_modules/react-reconciler/cjs/react-reconciler.development.js:6741:7)
      at setSelectedCategoryId (src/components/AddTransactionModal.tsx:58:11)
      at asyncGeneratorStep (node_modules/@babel/runtime/helpers/asyncToGenerator.js:3:17)
      at _next (node_modules/@babel/runtime/helpers/asyncToGenerator.js:17:9)

    console.error
      You seem to have overlapping act() calls, this is not supported. Be sure to await previous act() calls before 
making a new one.

      at popActScope (node_modules/react/cjs/react.development.js:532:17)
      at node_modules/react/cjs/react.development.js:819:17

    console.error
      You seem to have overlapping act() calls, this is not supported. Be sure to await previous act() calls before 
making a new one.

      at popActScope (node_modules/react/cjs/react.development.js:532:17)
      at node_modules/react/cjs/react.development.js:819:17

    console.error
      You seem to have overlapping act() calls, this is not supported. Be sure to await previous act() calls before 
making a new one.

      at popActScope (node_modules/react/cjs/react.development.js:532:17)
      at node_modules/react/cjs/react.development.js:819:17

    console.error
      The current testing environment is not configured to support act(...)

      at isConcurrentActEnvironment (node_modules/react-reconciler/cjs/react-reconciler.development.js:13990:17)
      at warnIfUpdatesNotWrappedWithActDEV (node_modules/react-reconciler/cjs/react-reconciler.development.js:16304:7)
      at scheduleUpdateOnFiber (node_modules/react-reconciler/cjs/react-reconciler.development.js:14070:11)
      at Object.enqueueSetState (node_modules/react-reconciler/cjs/react-reconciler.development.js:18909:13)
      at KeyboardAvoidingView.Object.<anonymous>.process.env.NODE_ENV.Component.setState 
(node_modules/react/cjs/react.development.js:632:20)
      at KeyboardAvoidingView.setState [as _setBottom] 
(node_modules/react-native/Libraries/Components/Keyboard/KeyboardAvoidingView.js:150:12)
      at KeyboardAvoidingView._setBottom [as componentDidMount] 
(node_modules/react-native/Libraries/Components/Keyboard/KeyboardAvoidingView.js:195:12)
      at Object.react_stack_bottom_frame (node_modules/react-reconciler/cjs/react-reconciler.development.js:17619:22)
      at runWithFiberInDEV (node_modules/react-reconciler/cjs/react-reconciler.development.js:2508:13)
      at commitLayoutEffectOnFiber (node_modules/react-reconciler/cjs/react-reconciler.development.js:11511:21)
      at recursivelyTraverseLayoutEffects (node_modules/react-reconciler/cjs/react-reconciler.development.js:12653:11)
      at commitLayoutEffectOnFiber (node_modules/react-reconciler/cjs/react-reconciler.development.js:11605:11)
      at recursivelyTraverseLayoutEffects (node_modules/react-reconciler/cjs/react-reconciler.development.js:12653:11)
      at commitLayoutEffectOnFiber (node_modules/react-reconciler/cjs/react-reconciler.development.js:11493:11)
      at recursivelyTraverseLayoutEffects (node_modules/react-reconciler/cjs/react-reconciler.development.js:12653:11)
      at commitLayoutEffectOnFiber (node_modules/react-reconciler/cjs/react-reconciler.development.js:11488:11)
      at recursivelyTraverseLayoutEffects (node_modules/react-reconciler/cjs/react-reconciler.development.js:12653:11)
      at commitLayoutEffectOnFiber (node_modules/react-reconciler/cjs/react-reconciler.development.js:11605:11)
      at recursivelyTraverseLayoutEffects (node_modules/react-reconciler/cjs/react-reconciler.development.js:12653:11)
      at commitLayoutEffectOnFiber (node_modules/react-reconciler/cjs/react-reconciler.development.js:11493:11)
      at recursivelyTraverseLayoutEffects (node_modules/react-reconciler/cjs/react-reconciler.development.js:12653:11)
      at commitLayoutEffectOnFiber (node_modules/react-reconciler/cjs/react-reconciler.development.js:11488:11)
      at recursivelyTraverseLayoutEffects (node_modules/react-reconciler/cjs/react-reconciler.development.js:12653:11)
      at commitLayoutEffectOnFiber (node_modules/react-reconciler/cjs/react-reconciler.development.js:11488:11)
      at recursivelyTraverseLayoutEffects (node_modules/react-reconciler/cjs/react-reconciler.development.js:12653:11)
      at commitLayoutEffectOnFiber (node_modules/react-reconciler/cjs/react-reconciler.development.js:11570:11)
      at flushLayoutEffects (node_modules/react-reconciler/cjs/react-reconciler.development.js:15671:15)
      at commitRoot (node_modules/react-reconciler/cjs/react-reconciler.development.js:15586:9)
      at performWorkOnRoot (node_modules/react-reconciler/cjs/react-reconciler.development.js:14329:15)
      at performWorkOnRootViaSchedulerTask (node_modules/react-reconciler/cjs/react-reconciler.development.js:3335:7)
      at flushActQueue (node_modules/react/cjs/react.development.js:566:34)
      at node_modules/react/cjs/react.development.js:822:21

    console.error
      The current testing environment is not configured to support act(...)

    [0m [90m 43 |[39m     [36mtry[39m {
     [90m 44 |[39m       [36mconst[39m accs [33m=[39m [36mawait[39m database[33m.[39m[36mget[39m[33m<[39m
[33mAccount[39m[33m>[39m([32m'accounts'[39m)[33m.[39mquery()[33m.[39mfetch()
    [31m[1m>[22m[39m[90m 45 |[39m       setAccounts(accs[33m.[39mfilter(a [33m=>[39m a[33m.[39misActive))
     [90m    |[39m       [31m[1m^[22m[39m
     [90m 46 |[39m       
     [90m 47 |[39m       [36mif[39m (accs[33m.[39mlength [33m>[39m [35m0[39m [33m&&[39m 
[33m![39mselectedAccountId) {
     [90m 48 |[39m         setSelectedAccountId(accs[[35m0[39m][33m.[39mid)[0m

      at isConcurrentActEnvironment (node_modules/react-reconciler/cjs/react-reconciler.development.js:13990:17)
      at warnIfUpdatesNotWrappedWithActDEV (node_modules/react-reconciler/cjs/react-reconciler.development.js:16304:7)
      at scheduleUpdateOnFiber (node_modules/react-reconciler/cjs/react-reconciler.development.js:14070:11)
      at dispatchSetStateInternal (node_modules/react-reconciler/cjs/react-reconciler.development.js:6784:13)
      at dispatchSetState (node_modules/react-reconciler/cjs/react-reconciler.development.js:6741:7)
      at setAccounts (src/components/AddTransactionModal.tsx:45:7)
      at asyncGeneratorStep (node_modules/@babel/runtime/helpers/asyncToGenerator.js:3:17)
      at _next (node_modules/@babel/runtime/helpers/asyncToGenerator.js:17:9)

    console.error
      The current testing environment is not configured to support act(...)

    [0m [90m 46 |[39m       
     [90m 47 |[39m       [36mif[39m (accs[33m.[39mlength [33m>[39m [35m0[39m [33m&&[39m 
[33m![39mselectedAccountId) {
    [31m[1m>[22m[39m[90m 48 |[39m         setSelectedAccountId(accs[[35m0[39m][33m.[39mid)
     [90m    |[39m         [31m[1m^[22m[39m
     [90m 49 |[39m       }
     [90m 50 |[39m
     [90m 51 |[39m       [36mif[39m (type [33m!==[39m [33mTransactionType[39m[33m.[39m[33mTRANSFER[39m) 
{[0m

      at isConcurrentActEnvironment (node_modules/react-reconciler/cjs/react-reconciler.development.js:13990:17)
      at warnIfUpdatesNotWrappedWithActDEV (node_modules/react-reconciler/cjs/react-reconciler.development.js:16304:7)
      at scheduleUpdateOnFiber (node_modules/react-reconciler/cjs/react-reconciler.development.js:14070:11)
      at dispatchSetStateInternal (node_modules/react-reconciler/cjs/react-reconciler.development.js:6784:13)
      at dispatchSetState (node_modules/react-reconciler/cjs/react-reconciler.development.js:6741:7)
      at setSelectedAccountId (src/components/AddTransactionModal.tsx:48:9)
      at asyncGeneratorStep (node_modules/@babel/runtime/helpers/asyncToGenerator.js:3:17)
      at _next (node_modules/@babel/runtime/helpers/asyncToGenerator.js:17:9)

    console.error
      The current testing environment is not configured to support act(...)

    [0m [90m 53 |[39m         [36mconst[39m targetType [33m=[39m type [33m===[39m 
[33mTransactionType[39m[33m.[39m[33mEXPENSE[39m [33m?[39m [33mCategoryType[39m[33m.[39m[33mEXPENSE[39m 
[33m:[39m [33mCategoryType[39m[33m.[39m[33mINCOME[39m
     [90m 54 |[39m         [36mconst[39m filteredCats [33m=[39m cats[33m.[39mfilter(c [33m=>[39m 
c[33m.[39mtype [33m===[39m targetType [33m&&[39m c[33m.[39misActive)
    [31m[1m>[22m[39m[90m 55 |[39m         setCategories(filteredCats)
     [90m    |[39m         [31m[1m^[22m[39m
     [90m 56 |[39m         
     [90m 57 |[39m         [36mif[39m (filteredCats[33m.[39mlength [33m>[39m [35m0[39m) {
     [90m 58 |[39m           setSelectedCategoryId(filteredCats[[35m0[39m][33m.[39mid)[0m

      at isConcurrentActEnvironment (node_modules/react-reconciler/cjs/react-reconciler.development.js:13990:17)
      at warnIfUpdatesNotWrappedWithActDEV (node_modules/react-reconciler/cjs/react-reconciler.development.js:16304:7)
      at scheduleUpdateOnFiber (node_modules/react-reconciler/cjs/react-reconciler.development.js:14070:11)
      at dispatchSetStateInternal (node_modules/react-reconciler/cjs/react-reconciler.development.js:6784:13)
      at dispatchSetState (node_modules/react-reconciler/cjs/react-reconciler.development.js:6741:7)
      at setCategories (src/components/AddTransactionModal.tsx:55:9)
      at asyncGeneratorStep (node_modules/@babel/runtime/helpers/asyncToGenerator.js:3:17)
      at _next (node_modules/@babel/runtime/helpers/asyncToGenerator.js:17:9)

    console.error
      The current testing environment is not configured to support act(...)

    [0m [90m 56 |[39m         
     [90m 57 |[39m         [36mif[39m (filteredCats[33m.[39mlength [33m>[39m [35m0[39m) {
    [31m[1m>[22m[39m[90m 58 |[39m           setSelectedCategoryId(filteredCats[[35m0[39m][33m.[39mid)
     [90m    |[39m           [31m[1m^[22m[39m
     [90m 59 |[39m         } [36melse[39m {
     [90m 60 |[39m           setSelectedCategoryId([32m''[39m)
     [90m 61 |[39m         }[0m

      at isConcurrentActEnvironment (node_modules/react-reconciler/cjs/react-reconciler.development.js:13990:17)
      at warnIfUpdatesNotWrappedWithActDEV (node_modules/react-reconciler/cjs/react-reconciler.development.js:16304:7)
      at scheduleUpdateOnFiber (node_modules/react-reconciler/cjs/react-reconciler.development.js:14070:11)
      at dispatchSetStateInternal (node_modules/react-reconciler/cjs/react-reconciler.development.js:6784:13)
      at dispatchSetState (node_modules/react-reconciler/cjs/react-reconciler.development.js:6741:7)
      at setSelectedCategoryId (src/components/AddTransactionModal.tsx:58:11)
      at asyncGeneratorStep (node_modules/@babel/runtime/helpers/asyncToGenerator.js:3:17)
      at _next (node_modules/@babel/runtime/helpers/asyncToGenerator.js:17:9)

    console.error
      The current testing environment is not configured to support act(...)

    [0m [90m 48 |[39m     [36mtry[39m {
     [90m 49 |[39m       [36mconst[39m acc [33m=[39m [36mawait[39m database[33m.[39m[36mget[39m[33m<[39m
[33mAccount[39m[33m>[39m([32m'accounts'[39m)[33m.[39mfind(transaction[33m.[39maccountId)
    [31m[1m>[22m[39m[90m 50 |[39m       setAccount(acc)
     [90m    |[39m       [31m[1m^[22m[39m
     [90m 51 |[39m     } [36mcatch[39m (e) {
     [90m 52 |[39m       console[33m.[39mwarn([32m'Account not found'[39m)
     [90m 53 |[39m     }[0m

      at isConcurrentActEnvironment (node_modules/react-reconciler/cjs/react-reconciler.development.js:13990:17)
      at warnIfUpdatesNotWrappedWithActDEV (node_modules/react-reconciler/cjs/react-reconciler.development.js:16304:7)
      at scheduleUpdateOnFiber (node_modules/react-reconciler/cjs/react-reconciler.development.js:14070:11)
      at dispatchSetStateInternal (node_modules/react-reconciler/cjs/react-reconciler.development.js:6784:13)
      at dispatchSetState (node_modules/react-reconciler/cjs/react-reconciler.development.js:6741:7)
      at setAccount (src/components/TransactionDetailsModal.tsx:50:7)
      at asyncGeneratorStep (node_modules/@babel/runtime/helpers/asyncToGenerator.js:3:17)
      at _next (node_modules/@babel/runtime/helpers/asyncToGenerator.js:17:9)

    console.error
      The current testing environment is not configured to support act(...)

    [0m [90m 56 |[39m       [36mtry[39m {
     [90m 57 |[39m         [36mconst[39m cat [33m=[39m [36mawait[39m database[33m.[39m[36mget[39m[33m<[39
m[33mCategory[39m[33m>[39m([32m'categories'[39m)[33m.[39mfind(transaction[33m.[39mcategoryId)
    [31m[1m>[22m[39m[90m 58 |[39m         setCategory(cat)
     [90m    |[39m         [31m[1m^[22m[39m
     [90m 59 |[39m       } [36mcatch[39m (e) {
     [90m 60 |[39m         console[33m.[39mwarn([32m'Category not found'[39m)
     [90m 61 |[39m       }[0m

      at isConcurrentActEnvironment (node_modules/react-reconciler/cjs/react-reconciler.development.js:13990:17)
      at warnIfUpdatesNotWrappedWithActDEV (node_modules/react-reconciler/cjs/react-reconciler.development.js:16304:7)
      at scheduleUpdateOnFiber (node_modules/react-reconciler/cjs/react-reconciler.development.js:14070:11)
      at dispatchSetStateInternal (node_modules/react-reconciler/cjs/react-reconciler.development.js:6784:13)
      at dispatchSetState (node_modules/react-reconciler/cjs/react-reconciler.development.js:6741:7)
      at setCategory (src/components/TransactionDetailsModal.tsx:58:9)
      at asyncGeneratorStep (node_modules/@babel/runtime/helpers/asyncToGenerator.js:3:17)
      at _next (node_modules/@babel/runtime/helpers/asyncToGenerator.js:17:9)

    console.error
      The current testing environment is not configured to support act(...)

      at isConcurrentActEnvironment (node_modules/react-reconciler/cjs/react-reconciler.development.js:13990:17)
      at warnIfUpdatesNotWrappedWithActDEV (node_modules/react-reconciler/cjs/react-reconciler.development.js:16304:7)
      at scheduleUpdateOnFiber (node_modules/react-reconciler/cjs/react-reconciler.development.js:14070:11)
      at dispatchSetStateInternal (node_modules/react-reconciler/cjs/react-reconciler.development.js:6784:13)
      at dispatchSetState (node_modules/react-reconciler/cjs/react-reconciler.development.js:6741:7)
      at Object.commitLayout (node_modules/@shopify/flash-list/src/recyclerview/ViewHolderCollection.tsx:133:9)
      at node_modules/@shopify/flash-list/src/recyclerview/RecyclerView.tsx:227:40
      at Object.react_stack_bottom_frame (node_modules/react-reconciler/cjs/react-reconciler.development.js:17681:20)
      at runWithFiberInDEV (node_modules/react-reconciler/cjs/react-reconciler.development.js:2508:13)
      at commitHookEffectListMount (node_modules/react-reconciler/cjs/react-reconciler.development.js:10861:29)
      at commitHookLayoutEffects (node_modules/react-reconciler/cjs/react-reconciler.development.js:10825:11)
      at commitLayoutEffectOnFiber (node_modules/react-reconciler/cjs/react-reconciler.development.js:11490:13)
      at recursivelyTraverseLayoutEffects (node_modules/react-reconciler/cjs/react-reconciler.development.js:12653:11)
      at commitLayoutEffectOnFiber (node_modules/react-reconciler/cjs/react-reconciler.development.js:11705:11)
      at recursivelyTraverseLayoutEffects (node_modules/react-reconciler/cjs/react-reconciler.development.js:12653:11)
      at commitLayoutEffectOnFiber (node_modules/react-reconciler/cjs/react-reconciler.development.js:11605:11)
      at recursivelyTraverseLayoutEffects (node_modules/react-reconciler/cjs/react-reconciler.development.js:12653:11)
      at commitLayoutEffectOnFiber (node_modules/react-reconciler/cjs/react-reconciler.development.js:11493:11)
      at recursivelyTraverseLayoutEffects (node_modules/react-reconciler/cjs/react-reconciler.development.js:12653:11)
      at commitLayoutEffectOnFiber (node_modules/react-reconciler/cjs/react-reconciler.development.js:11605:11)
      at recursivelyTraverseLayoutEffects (node_modules/react-reconciler/cjs/react-reconciler.development.js:12653:11)
      at commitLayoutEffectOnFiber (node_modules/react-reconciler/cjs/react-reconciler.development.js:11493:11)
      at recursivelyTraverseLayoutEffects (node_modules/react-reconciler/cjs/react-reconciler.development.js:12653:11)
      at commitLayoutEffectOnFiber (node_modules/react-reconciler/cjs/react-reconciler.development.js:11488:11)
      at recursivelyTraverseLayoutEffects (node_modules/react-reconciler/cjs/react-reconciler.development.js:12653:11)
      at commitLayoutEffectOnFiber (node_modules/react-reconciler/cjs/react-reconciler.development.js:11605:11)
      at recursivelyTraverseLayoutEffects (node_modules/react-reconciler/cjs/react-reconciler.development.js:12653:11)
      at commitLayoutEffectOnFiber (node_modules/react-reconciler/cjs/react-reconciler.development.js:11493:11)
      at recursivelyTraverseLayoutEffects (node_modules/react-reconciler/cjs/react-reconciler.development.js:12653:11)
      at commitLayoutEffectOnFiber (node_modules/react-reconciler/cjs/react-reconciler.development.js:11488:11)
      at recursivelyTraverseLayoutEffects (node_modules/react-reconciler/cjs/react-reconciler.development.js:12653:11)
      at commitLayoutEffectOnFiber (node_modules/react-reconciler/cjs/react-reconciler.development.js:11488:11)
      at recursivelyTraverseLayoutEffects (node_modules/react-reconciler/cjs/react-reconciler.development.js:12653:11)
      at commitLayoutEffectOnFiber (node_modules/react-reconciler/cjs/react-reconciler.development.js:11570:11)
      at flushLayoutEffects (node_modules/react-reconciler/cjs/react-reconciler.development.js:15671:15)
      at commitRoot (node_modules/react-reconciler/cjs/react-reconciler.development.js:15586:9)
      at performWorkOnRoot (node_modules/react-reconciler/cjs/react-reconciler.development.js:14329:15)
      at performWorkOnRootViaSchedulerTask (node_modules/react-reconciler/cjs/react-reconciler.development.js:3335:7)
      at flushActQueue (node_modules/react/cjs/react.development.js:566:34)
      at node_modules/react/cjs/react.development.js:822:21

    console.error
      The current testing environment is not configured to support act(...)

      at isConcurrentActEnvironment (node_modules/react-reconciler/cjs/react-reconciler.development.js:13990:17)
      at warnIfUpdatesNotWrappedWithActDEV (node_modules/react-reconciler/cjs/react-reconciler.development.js:16304:7)
      at scheduleUpdateOnFiber (node_modules/react-reconciler/cjs/react-reconciler.development.js:14070:11)
      at dispatchSetStateInternal (node_modules/react-reconciler/cjs/react-reconciler.development.js:6784:13)
      at dispatchSetState (node_modules/react-reconciler/cjs/react-reconciler.development.js:6741:7)
      at node_modules/@shopify/flash-list/src/recyclerview/hooks/useLayoutState.ts:41:7
      at Object.layout (node_modules/@shopify/flash-list/src/recyclerview/RecyclerView.tsx:305:9)
      at node_modules/@shopify/flash-list/src/recyclerview/ViewHolderCollection.tsx:105:28
      at Object.react_stack_bottom_frame (node_modules/react-reconciler/cjs/react-reconciler.development.js:17681:20)
      at runWithFiberInDEV (node_modules/react-reconciler/cjs/react-reconciler.development.js:2508:13)
      at commitHookEffectListMount (node_modules/react-reconciler/cjs/react-reconciler.development.js:10861:29)
      at commitHookLayoutEffects (node_modules/react-reconciler/cjs/react-reconciler.development.js:10825:11)
      at commitLayoutEffectOnFiber (node_modules/react-reconciler/cjs/react-reconciler.development.js:11490:13)
      at recursivelyTraverseLayoutEffects (node_modules/react-reconciler/cjs/react-reconciler.development.js:12653:11)
      at commitLayoutEffectOnFiber (node_modules/react-reconciler/cjs/react-reconciler.development.js:11605:11)
      at recursivelyTraverseLayoutEffects (node_modules/react-reconciler/cjs/react-reconciler.development.js:12653:11)
      at commitLayoutEffectOnFiber (node_modules/react-reconciler/cjs/react-reconciler.development.js:11493:11)
      at recursivelyTraverseLayoutEffects (node_modules/react-reconciler/cjs/react-reconciler.development.js:12653:11)
      at commitLayoutEffectOnFiber (node_modules/react-reconciler/cjs/react-reconciler.development.js:11605:11)
      at recursivelyTraverseLayoutEffects (node_modules/react-reconciler/cjs/react-reconciler.development.js:12653:11)
      at commitLayoutEffectOnFiber (node_modules/react-reconciler/cjs/react-reconciler.development.js:11493:11)
      at recursivelyTraverseLayoutEffects (node_modules/react-reconciler/cjs/react-reconciler.development.js:12653:11)
      at commitLayoutEffectOnFiber (node_modules/react-reconciler/cjs/react-reconciler.development.js:11493:11)
      at recursivelyTraverseLayoutEffects (node_modules/react-reconciler/cjs/react-reconciler.development.js:12653:11)
      at commitLayoutEffectOnFiber (node_modules/react-reconciler/cjs/react-reconciler.development.js:11488:11)
      at recursivelyTraverseLayoutEffects (node_modules/react-reconciler/cjs/react-reconciler.development.js:12653:11)
      at commitLayoutEffectOnFiber (node_modules/react-reconciler/cjs/react-reconciler.development.js:11488:11)
      at recursivelyTraverseLayoutEffects (node_modules/react-reconciler/cjs/react-reconciler.development.js:12653:11)
      at commitLayoutEffectOnFiber (node_modules/react-reconciler/cjs/react-reconciler.development.js:11488:11)
      at recursivelyTraverseLayoutEffects (node_modules/react-reconciler/cjs/react-reconciler.development.js:12653:11)
      at commitLayoutEffectOnFiber (node_modules/react-reconciler/cjs/react-reconciler.development.js:11605:11)
      at recursivelyTraverseLayoutEffects (node_modules/react-reconciler/cjs/react-reconciler.development.js:12653:11)
      at commitLayoutEffectOnFiber (node_modules/react-reconciler/cjs/react-reconciler.development.js:11493:11)
      at recursivelyTraverseLayoutEffects (node_modules/react-reconciler/cjs/react-reconciler.development.js:12653:11)
      at commitLayoutEffectOnFiber (node_modules/react-reconciler/cjs/react-reconciler.development.js:11705:11)
      at recursivelyTraverseLayoutEffects (node_modules/react-reconciler/cjs/react-reconciler.development.js:12653:11)
      at commitLayoutEffectOnFiber (node_modules/react-reconciler/cjs/react-reconciler.development.js:11488:11)
      at recursivelyTraverseLayoutEffects (node_modules/react-reconciler/cjs/react-reconciler.development.js:12653:11)
      at commitLayoutEffectOnFiber (node_modules/react-reconciler/cjs/react-reconciler.development.js:11705:11)
      at recursivelyTraverseLayoutEffects (node_modules/react-reconciler/cjs/react-reconciler.development.js:12653:11)
      at commitLayoutEffectOnFiber (node_modules/react-reconciler/cjs/react-reconciler.development.js:11605:11)
      at recursivelyTraverseLayoutEffects (node_modules/react-reconciler/cjs/react-reconciler.development.js:12653:11)
      at commitLayoutEffectOnFiber (node_modules/react-reconciler/cjs/react-reconciler.development.js:11493:11)
      at recursivelyTraverseLayoutEffects (node_modules/react-reconciler/cjs/react-reconciler.development.js:12653:11)
      at commitLayoutEffectOnFiber (node_modules/react-reconciler/cjs/react-reconciler.development.js:11605:11)
      at recursivelyTraverseLayoutEffects (node_modules/react-reconciler/cjs/react-reconciler.development.js:12653:11)
      at commitLayoutEffectOnFiber (node_modules/react-reconciler/cjs/react-reconciler.development.js:11493:11)
      at recursivelyTraverseLayoutEffects (node_modules/react-reconciler/cjs/react-reconciler.development.js:12653:11)
      at commitLayoutEffectOnFiber (node_modules/react-reconciler/cjs/react-reconciler.development.js:11488:11)
      at recursivelyTraverseLayoutEffects (node_modules/react-reconciler/cjs/react-reconciler.development.js:12653:11)
      at commitLayoutEffectOnFiber (node_modules/react-reconciler/cjs/react-reconciler.development.js:11605:11)
      at recursivelyTraverseLayoutEffects (node_modules/react-reconciler/cjs/react-reconciler.development.js:12653:11)
      at commitLayoutEffectOnFiber (node_modules/react-reconciler/cjs/react-reconciler.development.js:11493:11)
      at recursivelyTraverseLayoutEffects (node_modules/react-reconciler/cjs/react-reconciler.development.js:12653:11)
      at commitLayoutEffectOnFiber (node_modules/react-reconciler/cjs/react-reconciler.development.js:11488:11)
      at recursivelyTraverseLayoutEffects (node_modules/react-reconciler/cjs/react-reconciler.development.js:12653:11)
      at commitLayoutEffectOnFiber (node_modules/react-reconciler/cjs/react-reconciler.development.js:11488:11)
      at recursivelyTraverseLayoutEffects (node_modules/react-reconciler/cjs/react-reconciler.development.js:12653:11)
      at commitLayoutEffectOnFiber (node_modules/react-reconciler/cjs/react-reconciler.development.js:11570:11)
      at flushLayoutEffects (node_modules/react-reconciler/cjs/react-reconciler.development.js:15671:15)
      at commitRoot (node_modules/react-reconciler/cjs/react-reconciler.development.js:15586:9)
      at performWorkOnRoot (node_modules/react-reconciler/cjs/react-reconciler.development.js:14329:15)
      at performSyncWorkOnRoot (node_modules/react-reconciler/cjs/react-reconciler.development.js:3350:7)
      at flushSyncWorkAcrossRoots_impl (node_modules/react-reconciler/cjs/react-reconciler.development.js:3192:21)
      at flushSpawnedWork (node_modules/react-reconciler/cjs/react-reconciler.development.js:15868:9)
      at commitRoot (node_modules/react-reconciler/cjs/react-reconciler.development.js:15587:9)
      at performWorkOnRoot (node_modules/react-reconciler/cjs/react-reconciler.development.js:14329:15)
      at performWorkOnRootViaSchedulerTask (node_modules/react-reconciler/cjs/react-reconciler.development.js:3335:7)
      at flushActQueue (node_modules/react/cjs/react.development.js:566:34)
      at node_modules/react/cjs/react.development.js:822:21

    console.error
      The current testing environment is not configured to support act(...)

      at isConcurrentActEnvironment (node_modules/react-reconciler/cjs/react-reconciler.development.js:13990:17)
      at warnIfUpdatesNotWrappedWithActDEV (node_modules/react-reconciler/cjs/react-reconciler.development.js:16304:7)
      at scheduleUpdateOnFiber (node_modules/react-reconciler/cjs/react-reconciler.development.js:14070:11)
      at dispatchSetStateInternal (node_modules/react-reconciler/cjs/react-reconciler.development.js:6784:13)
      at dispatchSetState (node_modules/react-reconciler/cjs/react-reconciler.development.js:6741:7)
      at Object.commitLayout (node_modules/@shopify/flash-list/src/recyclerview/ViewHolderCollection.tsx:133:9)
      at node_modules/@shopify/flash-list/src/recyclerview/RecyclerView.tsx:227:40
      at Object.react_stack_bottom_frame (node_modules/react-reconciler/cjs/react-reconciler.development.js:17681:20)
      at runWithFiberInDEV (node_modules/react-reconciler/cjs/react-reconciler.development.js:2508:13)
      at commitHookEffectListMount (node_modules/react-reconciler/cjs/react-reconciler.development.js:10861:29)
      at commitHookLayoutEffects (node_modules/react-reconciler/cjs/react-reconciler.development.js:10825:11)
      at commitLayoutEffectOnFiber (node_modules/react-reconciler/cjs/react-reconciler.development.js:11490:13)
      at recursivelyTraverseLayoutEffects (node_modules/react-reconciler/cjs/react-reconciler.development.js:12653:11)
      at commitLayoutEffectOnFiber (node_modules/react-reconciler/cjs/react-reconciler.development.js:11705:11)
      at recursivelyTraverseLayoutEffects (node_modules/react-reconciler/cjs/react-reconciler.development.js:12653:11)
      at commitLayoutEffectOnFiber (node_modules/react-reconciler/cjs/react-reconciler.development.js:11605:11)
      at recursivelyTraverseLayoutEffects (node_modules/react-reconciler/cjs/react-reconciler.development.js:12653:11)
      at commitLayoutEffectOnFiber (node_modules/react-reconciler/cjs/react-reconciler.development.js:11493:11)
      at recursivelyTraverseLayoutEffects (node_modules/react-reconciler/cjs/react-reconciler.development.js:12653:11)
      at commitLayoutEffectOnFiber (node_modules/react-reconciler/cjs/react-reconciler.development.js:11605:11)
      at recursivelyTraverseLayoutEffects (node_modules/react-reconciler/cjs/react-reconciler.development.js:12653:11)
      at commitLayoutEffectOnFiber (node_modules/react-reconciler/cjs/react-reconciler.development.js:11493:11)
      at recursivelyTraverseLayoutEffects (node_modules/react-reconciler/cjs/react-reconciler.development.js:12653:11)
      at commitLayoutEffectOnFiber (node_modules/react-reconciler/cjs/react-reconciler.development.js:11488:11)
      at recursivelyTraverseLayoutEffects (node_modules/react-reconciler/cjs/react-reconciler.development.js:12653:11)
      at commitLayoutEffectOnFiber (node_modules/react-reconciler/cjs/react-reconciler.development.js:11605:11)
      at recursivelyTraverseLayoutEffects (node_modules/react-reconciler/cjs/react-reconciler.development.js:12653:11)
      at commitLayoutEffectOnFiber (node_modules/react-reconciler/cjs/react-reconciler.development.js:11493:11)
      at recursivelyTraverseLayoutEffects (node_modules/react-reconciler/cjs/react-reconciler.development.js:12653:11)
      at commitLayoutEffectOnFiber (node_modules/react-reconciler/cjs/react-reconciler.development.js:11488:11)
      at recursivelyTraverseLayoutEffects (node_modules/react-reconciler/cjs/react-reconciler.development.js:12653:11)
      at commitLayoutEffectOnFiber (node_modules/react-reconciler/cjs/react-reconciler.development.js:11488:11)
      at recursivelyTraverseLayoutEffects (node_modules/react-reconciler/cjs/react-reconciler.development.js:12653:11)
      at commitLayoutEffectOnFiber (node_modules/react-reconciler/cjs/react-reconciler.development.js:11570:11)
      at flushLayoutEffects (node_modules/react-reconciler/cjs/react-reconciler.development.js:15671:15)
      at commitRoot (node_modules/react-reconciler/cjs/react-reconciler.development.js:15586:9)
      at performWorkOnRoot (node_modules/react-reconciler/cjs/react-reconciler.development.js:14329:15)
      at performSyncWorkOnRoot (node_modules/react-reconciler/cjs/react-reconciler.development.js:3350:7)
      at flushSyncWorkAcrossRoots_impl (node_modules/react-reconciler/cjs/react-reconciler.development.js:3192:21)
      at flushSpawnedWork (node_modules/react-reconciler/cjs/react-reconciler.development.js:15868:9)
      at commitRoot (node_modules/react-reconciler/cjs/react-reconciler.development.js:15587:9)
      at performWorkOnRoot (node_modules/react-reconciler/cjs/react-reconciler.development.js:14329:15)
      at performWorkOnRootViaSchedulerTask (node_modules/react-reconciler/cjs/react-reconciler.development.js:3335:7)
      at flushActQueue (node_modules/react/cjs/react.development.js:566:34)
      at node_modules/react/cjs/react.development.js:822:21

    console.error
      The current testing environment is not configured to support act(...)

    [0m [90m 46 |[39m     [36mconst[39m res [33m=[39m [36mawait[39m 
[33mTransactionController[39m[33m.[39mgetTransactions()
     [90m 47 |[39m     [36mif[39m (res[33m.[39msuccess [33m&&[39m res[33m.[39mdata) {
    [31m[1m>[22m[39m[90m 48 |[39m       setTransactions(res[33m.[39mdata)
     [90m    |[39m       [31m[1m^[22m[39m
     [90m 49 |[39m     }
     [90m 50 |[39m     setLoading([36mfalse[39m)
     [90m 51 |[39m   }[0m

      at isConcurrentActEnvironment (node_modules/react-reconciler/cjs/react-reconciler.development.js:13990:17)
      at warnIfUpdatesNotWrappedWithActDEV (node_modules/react-reconciler/cjs/react-reconciler.development.js:16304:7)
      at scheduleUpdateOnFiber (node_modules/react-reconciler/cjs/react-reconciler.development.js:14070:11)
      at dispatchSetStateInternal (node_modules/react-reconciler/cjs/react-reconciler.development.js:6784:13)
      at dispatchSetState (node_modules/react-reconciler/cjs/react-reconciler.development.js:6741:7)
      at setTransactions (src/components/TransactionHistoryModal.tsx:48:7)
      at asyncGeneratorStep (node_modules/@babel/runtime/helpers/asyncToGenerator.js:3:17)
      at _next (node_modules/@babel/runtime/helpers/asyncToGenerator.js:17:9)

    console.error
      The current testing environment is not configured to support act(...)

    [0m [90m 48 |[39m       setTransactions(res[33m.[39mdata)
     [90m 49 |[39m     }
    [31m[1m>[22m[39m[90m 50 |[39m     setLoading([36mfalse[39m)
     [90m    |[39m     [31m[1m^[22m[39m
     [90m 51 |[39m   }
     [90m 52 |[39m
     [90m 53 |[39m   [36mconst[39m renderItem [33m=[39m ({ item[33m:[39m tx }[33m:[39m { item[33m:[39m 
[33mTransaction[39m }) [33m=>[39m {[0m

      at isConcurrentActEnvironment (node_modules/react-reconciler/cjs/react-reconciler.development.js:13990:17)
      at warnIfUpdatesNotWrappedWithActDEV (node_modules/react-reconciler/cjs/react-reconciler.development.js:16304:7)
      at scheduleUpdateOnFiber (node_modules/react-reconciler/cjs/react-reconciler.development.js:14070:11)
      at dispatchSetStateInternal (node_modules/react-reconciler/cjs/react-reconciler.development.js:6784:13)
      at dispatchSetState (node_modules/react-reconciler/cjs/react-reconciler.development.js:6741:7)
      at setLoading (src/components/TransactionHistoryModal.tsx:50:5)
      at asyncGeneratorStep (node_modules/@babel/runtime/helpers/asyncToGenerator.js:3:17)
      at _next (node_modules/@babel/runtime/helpers/asyncToGenerator.js:17:9)

    console.error
      The current testing environment is not configured to support act(...)

      at isConcurrentActEnvironment (node_modules/react-reconciler/cjs/react-reconciler.development.js:13990:17)
      at warnIfUpdatesNotWrappedWithActDEV (node_modules/react-reconciler/cjs/react-reconciler.development.js:16304:7)
      at scheduleUpdateOnFiber (node_modules/react-reconciler/cjs/react-reconciler.development.js:14070:11)
      at dispatchSetStateInternal (node_modules/react-reconciler/cjs/react-reconciler.development.js:6784:13)
      at dispatchSetState (node_modules/react-reconciler/cjs/react-reconciler.development.js:6741:7)
      at Object.commitLayout (node_modules/@shopify/flash-list/src/recyclerview/ViewHolderCollection.tsx:133:9)
      at node_modules/@shopify/flash-list/src/recyclerview/RecyclerView.tsx:227:40
      at Object.react_stack_bottom_frame (node_modules/react-reconciler/cjs/react-reconciler.development.js:17681:20)
      at runWithFiberInDEV (node_modules/react-reconciler/cjs/react-reconciler.development.js:2508:13)
      at commitHookEffectListMount (node_modules/react-reconciler/cjs/react-reconciler.development.js:10861:29)
      at commitHookLayoutEffects (node_modules/react-reconciler/cjs/react-reconciler.development.js:10825:11)
      at commitLayoutEffectOnFiber (node_modules/react-reconciler/cjs/react-reconciler.development.js:11490:13)
      at recursivelyTraverseLayoutEffects (node_modules/react-reconciler/cjs/react-reconciler.development.js:12653:11)
      at commitLayoutEffectOnFiber (node_modules/react-reconciler/cjs/react-reconciler.development.js:11705:11)
      at recursivelyTraverseLayoutEffects (node_modules/react-reconciler/cjs/react-reconciler.development.js:12653:11)
      at commitLayoutEffectOnFiber (node_modules/react-reconciler/cjs/react-reconciler.development.js:11605:11)
      at recursivelyTraverseLayoutEffects (node_modules/react-reconciler/cjs/react-reconciler.development.js:12653:11)
      at commitLayoutEffectOnFiber (node_modules/react-reconciler/cjs/react-reconciler.development.js:11493:11)
      at recursivelyTraverseLayoutEffects (node_modules/react-reconciler/cjs/react-reconciler.development.js:12653:11)
      at commitLayoutEffectOnFiber (node_modules/react-reconciler/cjs/react-reconciler.development.js:11605:11)
      at recursivelyTraverseLayoutEffects (node_modules/react-reconciler/cjs/react-reconciler.development.js:12653:11)
      at commitLayoutEffectOnFiber (node_modules/react-reconciler/cjs/react-reconciler.development.js:11493:11)
      at recursivelyTraverseLayoutEffects (node_modules/react-reconciler/cjs/react-reconciler.development.js:12653:11)
      at commitLayoutEffectOnFiber (node_modules/react-reconciler/cjs/react-reconciler.development.js:11488:11)
      at recursivelyTraverseLayoutEffects (node_modules/react-reconciler/cjs/react-reconciler.development.js:12653:11)
      at commitLayoutEffectOnFiber (node_modules/react-reconciler/cjs/react-reconciler.development.js:11605:11)
      at recursivelyTraverseLayoutEffects (node_modules/react-reconciler/cjs/react-reconciler.development.js:12653:11)
      at commitLayoutEffectOnFiber (node_modules/react-reconciler/cjs/react-reconciler.development.js:11493:11)
      at recursivelyTraverseLayoutEffects (node_modules/react-reconciler/cjs/react-reconciler.development.js:12653:11)
      at commitLayoutEffectOnFiber (node_modules/react-reconciler/cjs/react-reconciler.development.js:11488:11)
      at recursivelyTraverseLayoutEffects (node_modules/react-reconciler/cjs/react-reconciler.development.js:12653:11)
      at commitLayoutEffectOnFiber (node_modules/react-reconciler/cjs/react-reconciler.development.js:11488:11)
      at recursivelyTraverseLayoutEffects (node_modules/react-reconciler/cjs/react-reconciler.development.js:12653:11)
      at commitLayoutEffectOnFiber (node_modules/react-reconciler/cjs/react-reconciler.development.js:11570:11)
      at flushLayoutEffects (node_modules/react-reconciler/cjs/react-reconciler.development.js:15671:15)
      at commitRoot (node_modules/react-reconciler/cjs/react-reconciler.development.js:15586:9)
      at performWorkOnRoot (node_modules/react-reconciler/cjs/react-reconciler.development.js:14329:15)
      at performWorkOnRootViaSchedulerTask (node_modules/react-reconciler/cjs/react-reconciler.development.js:3335:7)
      at flushActQueue (node_modules/react/cjs/react.development.js:566:34)
      at recursivelyFlushAsyncActWork (node_modules/react/cjs/react.development.js:542:13)
      at Immediate._onImmediate (node_modules/react/cjs/react.development.js:824:32)

    console.error
      The current testing environment is not configured to support act(...)

      at isConcurrentActEnvironment (node_modules/react-reconciler/cjs/react-reconciler.development.js:13990:17)
      at warnIfUpdatesNotWrappedWithActDEV (node_modules/react-reconciler/cjs/react-reconciler.development.js:16304:7)
      at scheduleUpdateOnFiber (node_modules/react-reconciler/cjs/react-reconciler.development.js:14070:11)
      at dispatchSetStateInternal (node_modules/react-reconciler/cjs/react-reconciler.development.js:6784:13)
      at dispatchSetState (node_modules/react-reconciler/cjs/react-reconciler.development.js:6741:7)
      at node_modules/@shopify/flash-list/src/recyclerview/hooks/useOnLoad.ts:52:7
      at node_modules/@shopify/flash-list/src/recyclerview/hooks/useUnmountAwareCallbacks.ts:61:9
      at Timeout.callback [as _onTimeout] (node_modules/@react-native/jest-preset/jest/setup.js:61:31)

    console.error
      The current testing environment is not configured to support act(...)

      at isConcurrentActEnvironment (node_modules/react-reconciler/cjs/react-reconciler.development.js:13990:17)
      at warnIfUpdatesNotWrappedWithActDEV (node_modules/react-reconciler/cjs/react-reconciler.development.js:16304:7)
      at scheduleUpdateOnFiber (node_modules/react-reconciler/cjs/react-reconciler.development.js:14070:11)
      at dispatchSetStateInternal (node_modules/react-reconciler/cjs/react-reconciler.development.js:6784:13)
      at dispatchSetState (node_modules/react-reconciler/cjs/react-reconciler.development.js:6741:7)
      at node_modules/@shopify/flash-list/src/recyclerview/RecyclerView.tsx:225:7
      at Object.react_stack_bottom_frame (node_modules/react-reconciler/cjs/react-reconciler.development.js:17681:20)
      at runWithFiberInDEV (node_modules/react-reconciler/cjs/react-reconciler.development.js:2508:13)
      at commitHookEffectListMount (node_modules/react-reconciler/cjs/react-reconciler.development.js:10861:29)
      at commitHookLayoutEffects (node_modules/react-reconciler/cjs/react-reconciler.development.js:10825:11)
      at commitLayoutEffectOnFiber (node_modules/react-reconciler/cjs/react-reconciler.development.js:11490:13)
      at recursivelyTraverseLayoutEffects (node_modules/react-reconciler/cjs/react-reconciler.development.js:12653:11)
      at commitLayoutEffectOnFiber (node_modules/react-reconciler/cjs/react-reconciler.development.js:11705:11)
      at recursivelyTraverseLayoutEffects (node_modules/react-reconciler/cjs/react-reconciler.development.js:12653:11)
      at commitLayoutEffectOnFiber (node_modules/react-reconciler/cjs/react-reconciler.development.js:11605:11)
      at recursivelyTraverseLayoutEffects (node_modules/react-reconciler/cjs/react-reconciler.development.js:12653:11)
      at commitLayoutEffectOnFiber (node_modules/react-reconciler/cjs/react-reconciler.development.js:11493:11)
      at recursivelyTraverseLayoutEffects (node_modules/react-reconciler/cjs/react-reconciler.development.js:12653:11)
      at commitLayoutEffectOnFiber (node_modules/react-reconciler/cjs/react-reconciler.development.js:11605:11)
      at recursivelyTraverseLayoutEffects (node_modules/react-reconciler/cjs/react-reconciler.development.js:12653:11)
      at commitLayoutEffectOnFiber (node_modules/react-reconciler/cjs/react-reconciler.development.js:11493:11)
      at recursivelyTraverseLayoutEffects (node_modules/react-reconciler/cjs/react-reconciler.development.js:12653:11)
      at commitLayoutEffectOnFiber (node_modules/react-reconciler/cjs/react-reconciler.development.js:11488:11)
      at recursivelyTraverseLayoutEffects (node_modules/react-reconciler/cjs/react-reconciler.development.js:12653:11)
      at commitLayoutEffectOnFiber (node_modules/react-reconciler/cjs/react-reconciler.development.js:11605:11)
      at recursivelyTraverseLayoutEffects (node_modules/react-reconciler/cjs/react-reconciler.development.js:12653:11)
      at commitLayoutEffectOnFiber (node_modules/react-reconciler/cjs/react-reconciler.development.js:11493:11)
      at recursivelyTraverseLayoutEffects (node_modules/react-reconciler/cjs/react-reconciler.development.js:12653:11)
      at commitLayoutEffectOnFiber (node_modules/react-reconciler/cjs/react-reconciler.development.js:11488:11)
      at recursivelyTraverseLayoutEffects (node_modules/react-reconciler/cjs/react-reconciler.development.js:12653:11)
      at commitLayoutEffectOnFiber (node_modules/react-reconciler/cjs/react-reconciler.development.js:11488:11)
      at recursivelyTraverseLayoutEffects (node_modules/react-reconciler/cjs/react-reconciler.development.js:12653:11)
      at commitLayoutEffectOnFiber (node_modules/react-reconciler/cjs/react-reconciler.development.js:11570:11)
      at flushLayoutEffects (node_modules/react-reconciler/cjs/react-reconciler.development.js:15671:15)
      at commitRoot (node_modules/react-reconciler/cjs/react-reconciler.development.js:15586:9)
      at performWorkOnRoot (node_modules/react-reconciler/cjs/react-reconciler.development.js:14329:15)
      at performWorkOnRootViaSchedulerTask (node_modules/react-reconciler/cjs/react-reconciler.development.js:3335:7)
      at flushActQueue (node_modules/react/cjs/react.development.js:566:34)
      at recursivelyFlushAsyncActWork (node_modules/react/cjs/react.development.js:542:13)
      at Immediate._onImmediate (node_modules/react/cjs/react.development.js:544:22)

    console.error
      The current testing environment is not configured to support act(...)

      at isConcurrentActEnvironment (node_modules/react-reconciler/cjs/react-reconciler.development.js:13990:17)
      at warnIfUpdatesNotWrappedWithActDEV (node_modules/react-reconciler/cjs/react-reconciler.development.js:16304:7)
      at scheduleUpdateOnFiber (node_modules/react-reconciler/cjs/react-reconciler.development.js:14070:11)
      at dispatchSetStateInternal (node_modules/react-reconciler/cjs/react-reconciler.development.js:6784:13)
      at dispatchSetState (node_modules/react-reconciler/cjs/react-reconciler.development.js:6741:7)
      at Object.commitLayout (node_modules/@shopify/flash-list/src/recyclerview/ViewHolderCollection.tsx:133:9)
      at node_modules/@shopify/flash-list/src/recyclerview/RecyclerView.tsx:227:40
      at Object.react_stack_bottom_frame (node_modules/react-reconciler/cjs/react-reconciler.development.js:17681:20)
      at runWithFiberInDEV (node_modules/react-reconciler/cjs/react-reconciler.development.js:2508:13)
      at commitHookEffectListMount (node_modules/react-reconciler/cjs/react-reconciler.development.js:10861:29)
      at commitHookLayoutEffects (node_modules/react-reconciler/cjs/react-reconciler.development.js:10825:11)
      at commitLayoutEffectOnFiber (node_modules/react-reconciler/cjs/react-reconciler.development.js:11490:13)
      at recursivelyTraverseLayoutEffects (node_modules/react-reconciler/cjs/react-reconciler.development.js:12653:11)
      at commitLayoutEffectOnFiber (node_modules/react-reconciler/cjs/react-reconciler.development.js:11705:11)
      at recursivelyTraverseLayoutEffects (node_modules/react-reconciler/cjs/react-reconciler.development.js:12653:11)
      at commitLayoutEffectOnFiber (node_modules/react-reconciler/cjs/react-reconciler.development.js:11605:11)
      at recursivelyTraverseLayoutEffects (node_modules/react-reconciler/cjs/react-reconciler.development.js:12653:11)
      at commitLayoutEffectOnFiber (node_modules/react-reconciler/cjs/react-reconciler.development.js:11493:11)
      at recursivelyTraverseLayoutEffects (node_modules/react-reconciler/cjs/react-reconciler.development.js:12653:11)
      at commitLayoutEffectOnFiber (node_modules/react-reconciler/cjs/react-reconciler.development.js:11605:11)
      at recursivelyTraverseLayoutEffects (node_modules/react-reconciler/cjs/react-reconciler.development.js:12653:11)
      at commitLayoutEffectOnFiber (node_modules/react-reconciler/cjs/react-reconciler.development.js:11493:11)
      at recursivelyTraverseLayoutEffects (node_modules/react-reconciler/cjs/react-reconciler.development.js:12653:11)
      at commitLayoutEffectOnFiber (node_modules/react-reconciler/cjs/react-reconciler.development.js:11488:11)
      at recursivelyTraverseLayoutEffects (node_modules/react-reconciler/cjs/react-reconciler.development.js:12653:11)
      at commitLayoutEffectOnFiber (node_modules/react-reconciler/cjs/react-reconciler.development.js:11605:11)
      at recursivelyTraverseLayoutEffects (node_modules/react-reconciler/cjs/react-reconciler.development.js:12653:11)
      at commitLayoutEffectOnFiber (node_modules/react-reconciler/cjs/react-reconciler.development.js:11493:11)
      at recursivelyTraverseLayoutEffects (node_modules/react-reconciler/cjs/react-reconciler.development.js:12653:11)
      at commitLayoutEffectOnFiber (node_modules/react-reconciler/cjs/react-reconciler.development.js:11488:11)
      at recursivelyTraverseLayoutEffects (node_modules/react-reconciler/cjs/react-reconciler.development.js:12653:11)
      at commitLayoutEffectOnFiber (node_modules/react-reconciler/cjs/react-reconciler.development.js:11488:11)
      at recursivelyTraverseLayoutEffects (node_modules/react-reconciler/cjs/react-reconciler.development.js:12653:11)
      at commitLayoutEffectOnFiber (node_modules/react-reconciler/cjs/react-reconciler.development.js:11570:11)
      at flushLayoutEffects (node_modules/react-reconciler/cjs/react-reconciler.development.js:15671:15)
      at commitRoot (node_modules/react-reconciler/cjs/react-reconciler.development.js:15586:9)
      at performWorkOnRoot (node_modules/react-reconciler/cjs/react-reconciler.development.js:14329:15)
      at performSyncWorkOnRoot (node_modules/react-reconciler/cjs/react-reconciler.development.js:3350:7)
      at flushSyncWorkAcrossRoots_impl (node_modules/react-reconciler/cjs/react-reconciler.development.js:3192:21)
      at flushSpawnedWork (node_modules/react-reconciler/cjs/react-reconciler.development.js:15868:9)
      at commitRoot (node_modules/react-reconciler/cjs/react-reconciler.development.js:15587:9)
      at performWorkOnRoot (node_modules/react-reconciler/cjs/react-reconciler.development.js:14329:15)
      at performWorkOnRootViaSchedulerTask (node_modules/react-reconciler/cjs/react-reconciler.development.js:3335:7)
      at flushActQueue (node_modules/react/cjs/react.development.js:566:34)
      at recursivelyFlushAsyncActWork (node_modules/react/cjs/react.development.js:542:13)
      at Immediate._onImmediate (node_modules/react/cjs/react.development.js:544:22)

PASS tests/components/AccountsAndCategories.spec.tsx
  ΓùÅ Console

    console.error
      The current testing environment is not configured to support act(...)

      at isConcurrentActEnvironment (node_modules/react-reconciler/cjs/react-reconciler.development.js:13990:17)
      at warnIfUpdatesNotWrappedWithActDEV (node_modules/react-reconciler/cjs/react-reconciler.development.js:16304:7)
      at scheduleUpdateOnFiber (node_modules/react-reconciler/cjs/react-reconciler.development.js:14070:11)
      at Object.enqueueSetState (node_modules/react-reconciler/cjs/react-reconciler.development.js:18909:13)
      at KeyboardAvoidingView.Object.<anonymous>.process.env.NODE_ENV.Component.setState 
(node_modules/react/cjs/react.development.js:632:20)
      at KeyboardAvoidingView.setState [as _setBottom] 
(node_modules/react-native/Libraries/Components/Keyboard/KeyboardAvoidingView.js:150:12)
      at KeyboardAvoidingView._setBottom [as componentDidMount] 
(node_modules/react-native/Libraries/Components/Keyboard/KeyboardAvoidingView.js:195:12)
      at Object.react_stack_bottom_frame (node_modules/react-reconciler/cjs/react-reconciler.development.js:17619:22)
      at runWithFiberInDEV (node_modules/react-reconciler/cjs/react-reconciler.development.js:2508:13)
      at commitLayoutEffectOnFiber (node_modules/react-reconciler/cjs/react-reconciler.development.js:11511:21)
      at recursivelyTraverseLayoutEffects (node_modules/react-reconciler/cjs/react-reconciler.development.js:12653:11)
      at commitLayoutEffectOnFiber (node_modules/react-reconciler/cjs/react-reconciler.development.js:11605:11)
      at recursivelyTraverseLayoutEffects (node_modules/react-reconciler/cjs/react-reconciler.development.js:12653:11)
      at commitLayoutEffectOnFiber (node_modules/react-reconciler/cjs/react-reconciler.development.js:11493:11)
      at recursivelyTraverseLayoutEffects (node_modules/react-reconciler/cjs/react-reconciler.development.js:12653:11)
      at commitLayoutEffectOnFiber (node_modules/react-reconciler/cjs/react-reconciler.development.js:11488:11)
      at recursivelyTraverseLayoutEffects (node_modules/react-reconciler/cjs/react-reconciler.development.js:12653:11)
      at commitLayoutEffectOnFiber (node_modules/react-reconciler/cjs/react-reconciler.development.js:11605:11)
      at recursivelyTraverseLayoutEffects (node_modules/react-reconciler/cjs/react-reconciler.development.js:12653:11)
      at commitLayoutEffectOnFiber (node_modules/react-reconciler/cjs/react-reconciler.development.js:11493:11)
      at recursivelyTraverseLayoutEffects (node_modules/react-reconciler/cjs/react-reconciler.development.js:12653:11)
      at commitLayoutEffectOnFiber (node_modules/react-reconciler/cjs/react-reconciler.development.js:11488:11)
      at recursivelyTraverseLayoutEffects (node_modules/react-reconciler/cjs/react-reconciler.development.js:12653:11)
      at commitLayoutEffectOnFiber (node_modules/react-reconciler/cjs/react-reconciler.development.js:11488:11)
      at recursivelyTraverseLayoutEffects (node_modules/react-reconciler/cjs/react-reconciler.development.js:12653:11)
      at commitLayoutEffectOnFiber (node_modules/react-reconciler/cjs/react-reconciler.development.js:11570:11)
      at flushLayoutEffects (node_modules/react-reconciler/cjs/react-reconciler.development.js:15671:15)
      at commitRoot (node_modules/react-reconciler/cjs/react-reconciler.development.js:15586:9)
      at performWorkOnRoot (node_modules/react-reconciler/cjs/react-reconciler.development.js:14329:15)
      at performWorkOnRootViaSchedulerTask (node_modules/react-reconciler/cjs/react-reconciler.development.js:3335:7)
      at flushActQueue (node_modules/react/cjs/react.development.js:566:34)
      at node_modules/react/cjs/react.development.js:822:21

    console.error
      The current testing environment is not configured to support act(...)

      at isConcurrentActEnvironment (node_modules/react-reconciler/cjs/react-reconciler.development.js:13990:17)
      at warnIfUpdatesNotWrappedWithActDEV (node_modules/react-reconciler/cjs/react-reconciler.development.js:16304:7)
      at scheduleUpdateOnFiber (node_modules/react-reconciler/cjs/react-reconciler.development.js:14070:11)
      at Object.enqueueSetState (node_modules/react-reconciler/cjs/react-reconciler.development.js:18909:13)
      at KeyboardAvoidingView.Object.<anonymous>.process.env.NODE_ENV.Component.setState 
(node_modules/react/cjs/react.development.js:632:20)
      at KeyboardAvoidingView.setState [as _setBottom] 
(node_modules/react-native/Libraries/Components/Keyboard/KeyboardAvoidingView.js:150:12)
      at KeyboardAvoidingView._setBottom [as componentDidMount] 
(node_modules/react-native/Libraries/Components/Keyboard/KeyboardAvoidingView.js:195:12)
      at Object.react_stack_bottom_frame (node_modules/react-reconciler/cjs/react-reconciler.development.js:17619:22)
      at runWithFiberInDEV (node_modules/react-reconciler/cjs/react-reconciler.development.js:2508:13)
      at commitLayoutEffectOnFiber (node_modules/react-reconciler/cjs/react-reconciler.development.js:11511:21)
      at recursivelyTraverseLayoutEffects (node_modules/react-reconciler/cjs/react-reconciler.development.js:12653:11)
      at commitLayoutEffectOnFiber (node_modules/react-reconciler/cjs/react-reconciler.development.js:11605:11)
      at recursivelyTraverseLayoutEffects (node_modules/react-reconciler/cjs/react-reconciler.development.js:12653:11)
      at commitLayoutEffectOnFiber (node_modules/react-reconciler/cjs/react-reconciler.development.js:11493:11)
      at recursivelyTraverseLayoutEffects (node_modules/react-reconciler/cjs/react-reconciler.development.js:12653:11)
      at commitLayoutEffectOnFiber (node_modules/react-reconciler/cjs/react-reconciler.development.js:11488:11)
      at recursivelyTraverseLayoutEffects (node_modules/react-reconciler/cjs/react-reconciler.development.js:12653:11)
      at commitLayoutEffectOnFiber (node_modules/react-reconciler/cjs/react-reconciler.development.js:11605:11)
      at recursivelyTraverseLayoutEffects (node_modules/react-reconciler/cjs/react-reconciler.development.js:12653:11)
      at commitLayoutEffectOnFiber (node_modules/react-reconciler/cjs/react-reconciler.development.js:11493:11)
      at recursivelyTraverseLayoutEffects (node_modules/react-reconciler/cjs/react-reconciler.development.js:12653:11)
      at commitLayoutEffectOnFiber (node_modules/react-reconciler/cjs/react-reconciler.development.js:11488:11)
      at recursivelyTraverseLayoutEffects (node_modules/react-reconciler/cjs/react-reconciler.development.js:12653:11)
      at commitLayoutEffectOnFiber (node_modules/react-reconciler/cjs/react-reconciler.development.js:11488:11)
      at recursivelyTraverseLayoutEffects (node_modules/react-reconciler/cjs/react-reconciler.development.js:12653:11)
      at commitLayoutEffectOnFiber (node_modules/react-reconciler/cjs/react-reconciler.development.js:11570:11)
      at flushLayoutEffects (node_modules/react-reconciler/cjs/react-reconciler.development.js:15671:15)
      at commitRoot (node_modules/react-reconciler/cjs/react-reconciler.development.js:15586:9)
      at performWorkOnRoot (node_modules/react-reconciler/cjs/react-reconciler.development.js:14329:15)
      at performWorkOnRootViaSchedulerTask (node_modules/react-reconciler/cjs/react-reconciler.development.js:3335:7)
      at flushActQueue (node_modules/react/cjs/react.development.js:566:34)
      at node_modules/react/cjs/react.development.js:822:21

    console.error
      The current testing environment is not configured to support act(...)

      at isConcurrentActEnvironment (node_modules/react-reconciler/cjs/react-reconciler.development.js:13990:17)
      at warnIfUpdatesNotWrappedWithActDEV (node_modules/react-reconciler/cjs/react-reconciler.development.js:16304:7)
      at scheduleUpdateOnFiber (node_modules/react-reconciler/cjs/react-reconciler.development.js:14070:11)
      at Object.enqueueSetState (node_modules/react-reconciler/cjs/react-reconciler.development.js:18909:13)
      at KeyboardAvoidingView.Object.<anonymous>.process.env.NODE_ENV.Component.setState 
(node_modules/react/cjs/react.development.js:632:20)
      at KeyboardAvoidingView.setState [as _setBottom] 
(node_modules/react-native/Libraries/Components/Keyboard/KeyboardAvoidingView.js:150:12)
      at KeyboardAvoidingView._setBottom [as componentDidMount] 
(node_modules/react-native/Libraries/Components/Keyboard/KeyboardAvoidingView.js:195:12)
      at Object.react_stack_bottom_frame (node_modules/react-reconciler/cjs/react-reconciler.development.js:17619:22)
      at runWithFiberInDEV (node_modules/react-reconciler/cjs/react-reconciler.development.js:2508:13)
      at commitLayoutEffectOnFiber (node_modules/react-reconciler/cjs/react-reconciler.development.js:11511:21)
      at recursivelyTraverseLayoutEffects (node_modules/react-reconciler/cjs/react-reconciler.development.js:12653:11)
      at commitLayoutEffectOnFiber (node_modules/react-reconciler/cjs/react-reconciler.development.js:11605:11)
      at recursivelyTraverseLayoutEffects (node_modules/react-reconciler/cjs/react-reconciler.development.js:12653:11)
      at commitLayoutEffectOnFiber (node_modules/react-reconciler/cjs/react-reconciler.development.js:11493:11)
      at recursivelyTraverseLayoutEffects (node_modules/react-reconciler/cjs/react-reconciler.development.js:12653:11)
      at commitLayoutEffectOnFiber (node_modules/react-reconciler/cjs/react-reconciler.development.js:11488:11)
      at recursivelyTraverseLayoutEffects (node_modules/react-reconciler/cjs/react-reconciler.development.js:12653:11)
      at commitLayoutEffectOnFiber (node_modules/react-reconciler/cjs/react-reconciler.development.js:11605:11)
      at recursivelyTraverseLayoutEffects (node_modules/react-reconciler/cjs/react-reconciler.development.js:12653:11)
      at commitLayoutEffectOnFiber (node_modules/react-reconciler/cjs/react-reconciler.development.js:11493:11)
      at recursivelyTraverseLayoutEffects (node_modules/react-reconciler/cjs/react-reconciler.development.js:12653:11)
      at commitLayoutEffectOnFiber (node_modules/react-reconciler/cjs/react-reconciler.development.js:11488:11)
      at recursivelyTraverseLayoutEffects (node_modules/react-reconciler/cjs/react-reconciler.development.js:12653:11)
      at commitLayoutEffectOnFiber (node_modules/react-reconciler/cjs/react-reconciler.development.js:11488:11)
      at recursivelyTraverseLayoutEffects (node_modules/react-reconciler/cjs/react-reconciler.development.js:12653:11)
      at commitLayoutEffectOnFiber (node_modules/react-reconciler/cjs/react-reconciler.development.js:11570:11)
      at flushLayoutEffects (node_modules/react-reconciler/cjs/react-reconciler.development.js:15671:15)
      at commitRoot (node_modules/react-reconciler/cjs/react-reconciler.development.js:15586:9)
      at performWorkOnRoot (node_modules/react-reconciler/cjs/react-reconciler.development.js:14329:15)
      at performWorkOnRootViaSchedulerTask (node_modules/react-reconciler/cjs/react-reconciler.development.js:3335:7)
      at flushActQueue (node_modules/react/cjs/react.development.js:566:34)
      at node_modules/react/cjs/react.development.js:822:21

    console.error
      The current testing environment is not configured to support act(...)

      at isConcurrentActEnvironment (node_modules/react-reconciler/cjs/react-reconciler.development.js:13990:17)
      at warnIfUpdatesNotWrappedWithActDEV (node_modules/react-reconciler/cjs/react-reconciler.development.js:16304:7)
      at scheduleUpdateOnFiber (node_modules/react-reconciler/cjs/react-reconciler.development.js:14070:11)
      at Object.enqueueSetState (node_modules/react-reconciler/cjs/react-reconciler.development.js:18909:13)
      at KeyboardAvoidingView.Object.<anonymous>.process.env.NODE_ENV.Component.setState 
(node_modules/react/cjs/react.development.js:632:20)
      at KeyboardAvoidingView.setState [as _setBottom] 
(node_modules/react-native/Libraries/Components/Keyboard/KeyboardAvoidingView.js:150:12)
      at KeyboardAvoidingView._setBottom [as componentDidMount] 
(node_modules/react-native/Libraries/Components/Keyboard/KeyboardAvoidingView.js:195:12)
      at Object.react_stack_bottom_frame (node_modules/react-reconciler/cjs/react-reconciler.development.js:17619:22)
      at runWithFiberInDEV (node_modules/react-reconciler/cjs/react-reconciler.development.js:2508:13)
      at commitLayoutEffectOnFiber (node_modules/react-reconciler/cjs/react-reconciler.development.js:11511:21)
      at recursivelyTraverseLayoutEffects (node_modules/react-reconciler/cjs/react-reconciler.development.js:12653:11)
      at commitLayoutEffectOnFiber (node_modules/react-reconciler/cjs/react-reconciler.development.js:11605:11)
      at recursivelyTraverseLayoutEffects (node_modules/react-reconciler/cjs/react-reconciler.development.js:12653:11)
      at commitLayoutEffectOnFiber (node_modules/react-reconciler/cjs/react-reconciler.development.js:11493:11)
      at recursivelyTraverseLayoutEffects (node_modules/react-reconciler/cjs/react-reconciler.development.js:12653:11)
      at commitLayoutEffectOnFiber (node_modules/react-reconciler/cjs/react-reconciler.development.js:11488:11)
      at recursivelyTraverseLayoutEffects (node_modules/react-reconciler/cjs/react-reconciler.development.js:12653:11)
      at commitLayoutEffectOnFiber (node_modules/react-reconciler/cjs/react-reconciler.development.js:11605:11)
      at recursivelyTraverseLayoutEffects (node_modules/react-reconciler/cjs/react-reconciler.development.js:12653:11)
      at commitLayoutEffectOnFiber (node_modules/react-reconciler/cjs/react-reconciler.development.js:11493:11)
      at recursivelyTraverseLayoutEffects (node_modules/react-reconciler/cjs/react-reconciler.development.js:12653:11)
      at commitLayoutEffectOnFiber (node_modules/react-reconciler/cjs/react-reconciler.development.js:11488:11)
      at recursivelyTraverseLayoutEffects (node_modules/react-reconciler/cjs/react-reconciler.development.js:12653:11)
      at commitLayoutEffectOnFiber (node_modules/react-reconciler/cjs/react-reconciler.development.js:11488:11)
      at recursivelyTraverseLayoutEffects (node_modules/react-reconciler/cjs/react-reconciler.development.js:12653:11)
      at commitLayoutEffectOnFiber (node_modules/react-reconciler/cjs/react-reconciler.development.js:11570:11)
      at flushLayoutEffects (node_modules/react-reconciler/cjs/react-reconciler.development.js:15671:15)
      at commitRoot (node_modules/react-reconciler/cjs/react-reconciler.development.js:15586:9)
      at performWorkOnRoot (node_modules/react-reconciler/cjs/react-reconciler.development.js:14329:15)
      at performWorkOnRootViaSchedulerTask (node_modules/react-reconciler/cjs/react-reconciler.development.js:3335:7)
      at flushActQueue (node_modules/react/cjs/react.development.js:566:34)
      at node_modules/react/cjs/react.development.js:822:21

    console.error
      The current testing environment is not configured to support act(...)

    [0m [90m 37 |[39m     [36mtry[39m {
     [90m 38 |[39m       [36mconst[39m cats [33m=[39m [36mawait[39m 
[33mCategoryController[39m[33m.[39mgetActiveCategories()
    [31m[1m>[22m[39m[90m 39 |[39m       setCategories(cats)
     [90m    |[39m       [31m[1m^[22m[39m
     [90m 40 |[39m     } [36mcatch[39m (err) {
     [90m 41 |[39m       console[33m.[39merror(err)
     [90m 42 |[39m     }[0m

      at isConcurrentActEnvironment (node_modules/react-reconciler/cjs/react-reconciler.development.js:13990:17)
      at warnIfUpdatesNotWrappedWithActDEV (node_modules/react-reconciler/cjs/react-reconciler.development.js:16304:7)
      at scheduleUpdateOnFiber (node_modules/react-reconciler/cjs/react-reconciler.development.js:14070:11)
      at dispatchSetStateInternal (node_modules/react-reconciler/cjs/react-reconciler.development.js:6784:13)
      at dispatchSetState (node_modules/react-reconciler/cjs/react-reconciler.development.js:6741:7)
      at setCategories (src/components/CategoryManagerModal.tsx:39:7)
      at asyncGeneratorStep (node_modules/@babel/runtime/helpers/asyncToGenerator.js:3:17)
      at _next (node_modules/@babel/runtime/helpers/asyncToGenerator.js:17:9)


Test Suites: 1 failed, 4 passed, 5 total
Tests:       1 failed, 23 passed, 24 total
Snapshots:   0 total
Time:        3.75 s
Ran all test suites.
